// Jest Snapshot v1, https://goo.gl/fbAQLP

exports[`Articles component and Iframe should pass a selected value to the handleClick function 1`] = `
<div
  className="articles"
>
  <a
    href="/"
  >
    <h1
      className="heading mb-2"
    >
      <u>
        Articles
      </u>
    </h1>
  </a>
  <div
    className="iframe-btn"
  >
    <button
      aria-controls="article-frame"
      aria-expanded="false"
      className="btn btn-info active"
      onClick={[Function]}
      type="button"
    >
      Click on an article to view in Iframe
    </button>
    <p>
      <strong>
        <sup>
          *
        </sup>
        <small>
          Not all pages allow for viewing in iframe(click on linkg twice to open in new tab) 
        </small>
      </strong>
    </p>
  </div>
  <br />
  <div
    className="row"
  />
</div>
`;
