// Jest Snapshot v1, https://goo.gl/fbAQLP

exports[`Articles component and Iframe should pass a selected value to the handleClick function 1`] = `
<div
  className="articles"
>
  <a
    href="/"
  >
    <h1
      className="heading"
    >
      Articles
    </h1>
  </a>
  <div
    className="iframe-btn"
  >
    <button
      aria-controls="article-frame"
      aria-expanded="false"
      className="btn btn-success active"
      onClick={[Function]}
      type="button"
    >
      Close Frame
    </button>
    <ShowIframe />
  </div>
  <br />
  <div
    className="row"
  />
</div>
`;
